[    0.000000] Initializing cgroup subsys cpuset
[    0.000000] Initializing cgroup subsys cpu
[    0.000000] Initializing cgroup subsys cpuacct
[    0.000000] Linux version 4.4.0-176-generic (buildd@lgw01-amd64-035) (gcc version 5.4.0 20160609 (Ubuntu 5.4.0-6ubuntu1~16.04.12) ) #206-Ubuntu SMP Fri Feb 28 05:02:04 UTC 2020 (Ubuntu 4.4.0-176.206-generic 4.4.211)
[    0.000000] Command line: BOOT_IMAGE=/boot/vmlinuz-4.4.0-176-generic root=LABEL=cloudimg-rootfs ro console=tty1 console=ttyS0
[    0.000000] KERNEL supported cpus:
[    0.000000]   Intel GenuineIntel
[    0.000000]   AMD AuthenticAMD
[    0.000000]   Centaur CentaurHauls
[    0.000000] x86/fpu: xstate_offset[2]:  576, xstate_sizes[2]:  256
[    0.000000] x86/fpu: Supporting XSAVE feature 0x01: 'x87 floating point registers'
[    0.000000] x86/fpu: Supporting XSAVE feature 0x02: 'SSE registers'
[    0.000000] x86/fpu: Supporting XSAVE feature 0x04: 'AVX registers'
[    0.000000] x86/fpu: Enabled xstate features 0x7, context size is 832 bytes, using 'standard' format.
[    0.000000] e820: BIOS-provided physical RAM map:
[    0.000000] BIOS-e820: [mem 0x0000000000000000-0x000000000009fbff] usable
[    0.000000] BIOS-e820: [mem 0x000000000009fc00-0x000000000009ffff] reserved
[    0.000000] BIOS-e820: [mem 0x00000000000f0000-0x00000000000fffff] reserved
[    0.000000] BIOS-e820: [mem 0x0000000000100000-0x000000003ffeffff] usable
[    0.000000] BIOS-e820: [mem 0x000000003fff0000-0x000000003fffffff] ACPI data
[    0.000000] BIOS-e820: [mem 0x00000000fec00000-0x00000000fec00fff] reserved
[    0.000000] BIOS-e820: [mem 0x00000000fee00000-0x00000000fee00fff] reserved
[    0.000000] BIOS-e820: [mem 0x00000000fffc0000-0x00000000ffffffff] reserved
[    0.000000] NX (Execute Disable) protection: active
[    0.000000] SMBIOS 2.5 present.
[    0.000000] Hypervisor detected: KVM
[    0.000000] e820: last_pfn = 0x3fff0 max_arch_pfn = 0x400000000
[    0.000000] MTRR: Disabled
[    0.000000] x86/PAT: MTRRs disabled, skipping PAT initialization too.
[    0.000000] CPU MTRRs all blank - virtualized system.
[    0.000000] x86/PAT: Configuration [0-7]: WB  WT  UC- UC  WB  WT  UC- UC  
[    0.000000] found SMP MP-table at [mem 0x0009fff0-0x0009ffff] mapped at [ffff88000009fff0]
[    0.000000] Scanning 1 areas for low memory corruption
[    0.000000] RAMDISK: [mem 0x362de000-0x37166fff]
[    0.000000] ACPI: Early table checksum verification disabled
[    0.000000] ACPI: RSDP 0x00000000000E0000 000024 (v02 VBOX  )
[    0.000000] ACPI: XSDT 0x000000003FFF0030 00003C (v01 VBOX   VBOXXSDT 00000001 ASL  00000061)
[    0.000000] ACPI: FACP 0x000000003FFF00F0 0000F4 (v04 VBOX   VBOXFACP 00000001 ASL  00000061)
[    0.000000] ACPI: DSDT 0x000000003FFF0470 0022EA (v02 VBOX   VBOXBIOS 00000002 INTL 20100528)
[    0.000000] ACPI: FACS 0x000000003FFF0200 000040
[    0.000000] ACPI: FACS 0x000000003FFF0200 000040
[    0.000000] ACPI: APIC 0x000000003FFF0240 00005C (v02 VBOX   VBOXAPIC 00000001 ASL  00000061)
[    0.000000] ACPI: SSDT 0x000000003FFF02A0 0001CC (v01 VBOX   VBOXCPUT 00000002 INTL 20100528)
[    0.000000] No NUMA configuration found
[    0.000000] Faking a node at [mem 0x0000000000000000-0x000000003ffeffff]
[    0.000000] NODE_DATA(0) allocated [mem 0x3ffeb000-0x3ffeffff]
[    0.000000] kvm-clock: Using msrs 4b564d01 and 4b564d00
[    0.000000] kvm-clock: cpu 0, msr 0:3ffe3001, primary cpu clock
[    0.000000] kvm-clock: using sched offset of 3491971395 cycles
[    0.000000] clocksource: kvm-clock: mask: 0xffffffffffffffff max_cycles: 0x1cd42e4dffb, max_idle_ns: 881590591483 ns
[    0.000000] Zone ranges:
[    0.000000]   DMA      [mem 0x0000000000001000-0x0000000000ffffff]
[    0.000000]   DMA32    [mem 0x0000000001000000-0x000000003ffeffff]
[    0.000000]   Normal   empty
[    0.000000]   Device   empty
[    0.000000] Movable zone start for each node
[    0.000000] Early memory node ranges
[    0.000000]   node   0: [mem 0x0000000000001000-0x000000000009efff]
[    0.000000]   node   0: [mem 0x0000000000100000-0x000000003ffeffff]
[    0.000000] Initmem setup node 0 [mem 0x0000000000001000-0x000000003ffeffff]
[    0.000000] ACPI: PM-Timer IO Port: 0x4008
[    0.000000] IOAPIC[0]: apic_id 2, version 32, address 0xfec00000, GSI 0-23
[    0.000000] ACPI: INT_SRC_OVR (bus 0 bus_irq 0 global_irq 2 dfl dfl)
[    0.000000] ACPI: INT_SRC_OVR (bus 0 bus_irq 9 global_irq 9 low level)
[    0.000000] Using ACPI (MADT) for SMP configuration information
[    0.000000] smpboot: Allowing 2 CPUs, 0 hotplug CPUs
[    0.000000] PM: Registered nosave memory: [mem 0x00000000-0x00000fff]
[    0.000000] PM: Registered nosave memory: [mem 0x0009f000-0x0009ffff]
[    0.000000] PM: Registered nosave memory: [mem 0x000a0000-0x000effff]
[    0.000000] PM: Registered nosave memory: [mem 0x000f0000-0x000fffff]
[    0.000000] e820: [mem 0x40000000-0xfebfffff] available for PCI devices
[    0.000000] Booting paravirtualized kernel on KVM
[    0.000000] clocksource: refined-jiffies: mask: 0xffffffff max_cycles: 0xffffffff, max_idle_ns: 7645519600211568 ns
[    0.000000] setup_percpu: NR_CPUS:512 nr_cpumask_bits:512 nr_cpu_ids:2 nr_node_ids:1
[    0.000000] PERCPU: Embedded 33 pages/cpu @ffff88003fc00000 s95448 r8192 d31528 u1048576
[    0.000000] Built 1 zonelists in Node order, mobility grouping on.  Total pages: 257912
[    0.000000] Policy zone: DMA32
[    0.000000] Kernel command line: BOOT_IMAGE=/boot/vmlinuz-4.4.0-176-generic root=LABEL=cloudimg-rootfs ro console=tty1 console=ttyS0
[    0.000000] PID hash table entries: 4096 (order: 3, 32768 bytes)
[    0.000000] Memory: 997668K/1048120K available (8626K kernel code, 1336K rwdata, 4032K rodata, 1488K init, 1292K bss, 50452K reserved, 0K cma-reserved)
[    0.000000] SLUB: HWalign=64, Order=0-3, MinObjects=0, CPUs=2, Nodes=1
[    0.000000] Kernel/User page tables isolation: enabled
[    0.000000] Hierarchical RCU implementation.
[    0.000000] 	Build-time adjustment of leaf fanout to 64.
[    0.000000] 	RCU restricting CPUs from NR_CPUS=512 to nr_cpu_ids=2.
[    0.000000] RCU: Adjusting geometry for rcu_fanout_leaf=64, nr_cpu_ids=2
[    0.000000] NR_IRQS:33024 nr_irqs:440 16
[    0.000000] Console: colour VGA+ 80x25
[    0.000000] console [tty1] enabled
[    0.000000] console [ttyS0] enabled
[    0.000000] tsc: Detected 2207.998 MHz processor
[    0.510852] Calibrating delay loop (skipped) preset value.. 4415.99 BogoMIPS (lpj=8831992)
[    0.518181] pid_max: default: 32768 minimum: 301
[    0.522154] ACPI: Core revision 20150930
[    0.526220] ACPI: 2 ACPI AML tables successfully acquired and loaded
[    0.531789] Security Framework initialized
[    0.535325] Yama: becoming mindful.
[    0.538387] AppArmor: AppArmor initialized
[    0.541988] Dentry cache hash table entries: 131072 (order: 8, 1048576 bytes)
[    0.549368] Inode-cache hash table entries: 65536 (order: 7, 524288 bytes)
[    0.555258] Mount-cache hash table entries: 2048 (order: 2, 16384 bytes)
[    0.560926] Mountpoint-cache hash table entries: 2048 (order: 2, 16384 bytes)
[    0.567007] Initializing cgroup subsys io
[    0.570493] Initializing cgroup subsys memory
[    0.574245] Initializing cgroup subsys devices
[    0.578072] Initializing cgroup subsys freezer
[    0.581901] Initializing cgroup subsys net_cls
[    0.585699] Initializing cgroup subsys perf_event
[    0.589708] Initializing cgroup subsys net_prio
[    0.593596] Initializing cgroup subsys hugetlb
[    0.597419] Initializing cgroup subsys pids
[    0.602059] mce: CPU supports 0 MCE banks
[    0.605541] Last level iTLB entries: 4KB 64, 2MB 8, 4MB 8
[    0.610127] Last level dTLB entries: 4KB 64, 2MB 0, 4MB 0, 1GB 4
[    0.615422] Spectre V1 : Mitigation: usercopy/swapgs barriers and __user pointer sanitization
[    0.623005] Spectre V2 : Mitigation: Full generic retpoline
[    0.627954] Spectre V2 : Spectre v2 / SpectreRSB mitigation: Filling RSB on context switch
[    0.635293] Speculative Store Bypass: Vulnerable
[    0.639480] MDS: Vulnerable: Clear CPU buffers attempted, no microcode
[    0.647377] Freeing SMP alternatives memory: 36K
[    0.656367] ftrace: allocating 32305 entries in 127 pages
[    0.708548] smpboot: APIC(0) Converting physical 0 to logical package 0
[    0.714606] smpboot: Max logical packages: 1
[    0.718623] x2apic enabled
[    0.721306] Switched APIC routing to physical x2apic.
[    0.726679] ..TIMER: vector=0x30 apic1=0 pin1=2 apic2=-1 pin2=-1
[    0.839886] APIC calibration not consistent with PM-Timer: 98ms instead of 100ms
[    0.846722] APIC delta adjusted to PM-Timer: 6242221 (6171334)
[    0.851763] smpboot: CPU0: Intel(R) Core(TM) i7-8750H CPU @ 2.20GHz (family: 0x6, model: 0x9e, stepping: 0xa)
[    0.860597] Performance Events: unsupported p6 CPU model 158 no PMU driver, software events only.
[    0.877014] KVM setup paravirtual spinlock
[    0.881299] x86: Booting SMP configuration:
[    0.885062] .... node  #0, CPUs:      #1
[    0.888459] kvm-clock: cpu 1, msr 0:3ffe3041, secondary cpu clock
[    0.894868] mce: CPU supports 0 MCE banks
[    0.900176] x86: Booted up 1 node, 2 CPUs
[    0.903709] smpboot: Total of 2 processors activated (8831.99 BogoMIPS)
[    0.909610] devtmpfs: initialized
[    0.913788] evm: security.selinux
[    0.916675] evm: security.SMACK64
[    0.919496] evm: security.SMACK64EXEC
[    0.923175] evm: security.SMACK64TRANSMUTE
[    0.926741] evm: security.SMACK64MMAP
[    0.930109] evm: security.ima
[    0.932839] evm: security.capability
[    0.936387] clocksource: jiffies: mask: 0xffffffff max_cycles: 0xffffffff, max_idle_ns: 7645041785100000 ns
[    0.944937] futex hash table entries: 512 (order: 3, 32768 bytes)
[    0.950415] pinctrl core: initialized pinctrl subsystem
[    0.955007] RTC time: 19:07:06, date: 04/03/20
[    0.959038] NET: Registered protocol family 16
[    0.976604] cpuidle: using governor ladder
[    0.991964] cpuidle: using governor menu
[    0.996912] PCCT header not found.
[    1.000768] ACPI: bus type PCI registered
[    1.005148] acpiphp: ACPI Hot Plug PCI Controller Driver version: 0.5
[    1.011901] PCI: Using configuration type 1 for base access
[    1.028615] ACPI: Added _OSI(Module Device)
[    1.033272] ACPI: Added _OSI(Processor Device)
[    1.037746] ACPI: Added _OSI(3.0 _SCP Extensions)
[    1.042393] ACPI: Added _OSI(Processor Aggregator Device)
[    1.047927] ACPI: Executed 1 blocks of module-level executable AML code
[    1.055550] ACPI: Interpreter enabled
[    1.058845] ACPI: (supports S0 S5)
[    1.061927] ACPI: Using IOAPIC for interrupt routing
[    1.066583] PCI: Using host bridge windows from ACPI; if necessary, use "pci=nocrs" and report a bug
[    1.078460] ACPI: PCI Root Bridge [PCI0] (domain 0000 [bus 00-ff])
[    1.084174] acpi PNP0A03:00: _OSC: OS supports [ASPM ClockPM Segments MSI]
[    1.090439] acpi PNP0A03:00: _OSC: not requesting OS control; OS requires [ExtendedConfig ASPM ClockPM MSI]
[    1.098897] acpi PNP0A03:00: fail to add MMCONFIG information, can't access extended PCI configuration space under this bridge.
[    1.109344] PCI host bridge to bus 0000:00
[    1.113010] pci_bus 0000:00: root bus resource [io  0x0000-0x0cf7 window]
[    1.118904] pci_bus 0000:00: root bus resource [io  0x0d00-0xffff window]
[    1.124726] pci_bus 0000:00: root bus resource [mem 0x000a0000-0x000bffff window]
[    1.131566] pci_bus 0000:00: root bus resource [mem 0x40000000-0xfdffffff window]
[    1.138326] pci_bus 0000:00: root bus resource [bus 00-ff]
[    1.145872] pci 0000:00:01.1: legacy IDE quirk: reg 0x10: [io  0x01f0-0x01f7]
[    1.159226] pci 0000:00:01.1: legacy IDE quirk: reg 0x14: [io  0x03f6]
[    1.164803] pci 0000:00:01.1: legacy IDE quirk: reg 0x18: [io  0x0170-0x0177]
[    1.170940] pci 0000:00:01.1: legacy IDE quirk: reg 0x1c: [io  0x0376]
[    1.188418] pci 0000:00:07.0: quirk: [io  0x4000-0x403f] claimed by PIIX4 ACPI
[    1.195127] pci 0000:00:07.0: quirk: [io  0x4100-0x410f] claimed by PIIX4 SMB
[    1.205977] ACPI: PCI Interrupt Link [LNKA] (IRQs 5 9 10 *11)
[    1.211959] ACPI: PCI Interrupt Link [LNKB] (IRQs 5 9 *10 11)
[    1.217444] ACPI: PCI Interrupt Link [LNKC] (IRQs 5 *9 10 11)
[    1.223055] ACPI: PCI Interrupt Link [LNKD] (IRQs 5 9 10 *11)
[    1.228684] ACPI: Enabled 2 GPEs in block 00 to 07
[    1.233404] vgaarb: setting as boot device: PCI:0000:00:02.0
[    1.238431] vgaarb: device added: PCI:0000:00:02.0,decodes=io+mem,owns=io+mem,locks=none
[    1.245657] vgaarb: loaded
[    1.248177] vgaarb: bridge control possible 0000:00:02.0
[    1.253080] SCSI subsystem initialized
[    1.256657] ACPI: bus type USB registered
[    1.260231] usbcore: registered new interface driver usbfs
[    1.264895] usbcore: registered new interface driver hub
[    1.269443] usbcore: registered new device driver usb
[    1.273960] PCI: Using ACPI for IRQ routing
[    1.277908] NetLabel: Initializing
[    1.281008] NetLabel:  domain hash size = 128
[    1.284917] NetLabel:  protocols = UNLABELED CIPSOv4
[    1.290386] NetLabel:  unlabeled traffic allowed by default
[    1.295415] amd_nb: Cannot enumerate AMD northbridges
[    1.300027] clocksource: Switched to clocksource kvm-clock
[    1.311358] AppArmor: AppArmor Filesystem Enabled
[    1.315651] pnp: PnP ACPI init
[    1.319433] pnp: PnP ACPI: found 3 devices
[    1.332121] clocksource: acpi_pm: mask: 0xffffff max_cycles: 0xffffff, max_idle_ns: 2085701024 ns
[    1.339983] NET: Registered protocol family 2
[    1.344049] TCP established hash table entries: 8192 (order: 4, 65536 bytes)
[    1.350281] TCP bind hash table entries: 8192 (order: 5, 131072 bytes)
[    1.355936] TCP: Hash tables configured (established 8192 bind 8192)
[    1.361451] UDP hash table entries: 512 (order: 2, 16384 bytes)
[    1.366480] UDP-Lite hash table entries: 512 (order: 2, 16384 bytes)
[    1.371913] NET: Registered protocol family 1
[    1.375712] pci 0000:00:00.0: Limiting direct PCI/PCI transfers
[    1.380901] pci 0000:00:01.0: Activating ISA DMA hang workarounds
[    1.386448] Unpacking initramfs...
[    1.630465] Freeing initrd memory: 14884K
[    1.635799] clocksource: tsc: mask: 0xffffffffffffffff max_cycles: 0x1fd3b6211b4, max_idle_ns: 440795230313 ns
[    1.647792] platform rtc_cmos: registered platform RTC device (no PNP device found)
[    1.656351] Scanning for low memory corruption every 60 seconds
[    1.663135] audit: initializing netlink subsys (disabled)
[    1.668677] audit: type=2000 audit(1585940831.424:1): initialized
[    1.675111] Initialise system trusted keyring
[    1.679795] HugeTLB registered 2 MB page size, pre-allocated 0 pages
[    1.687234] zbud: loaded
[    1.689988] VFS: Disk quotas dquot_6.6.0
[    1.693596] VFS: Dquot-cache hash table entries: 512 (order 0, 4096 bytes)
[    1.699979] squashfs: version 4.0 (2009/01/31) Phillip Lougher
[    1.705494] fuse init (API version 7.23)
[    1.709157] Key type big_key registered
[    1.712631] Allocating IMA MOK and blacklist keyrings.
[    1.719336] Key type asymmetric registered
[    1.723168] Asymmetric key parser 'x509' registered
[    1.727731] Block layer SCSI generic (bsg) driver version 0.4 loaded (major 249)
[    1.734743] io scheduler noop registered
[    1.738301] io scheduler deadline registered (default)
[    1.742856] io scheduler cfq registered
[    1.746262] pci_hotplug: PCI Hot Plug PCI Core version: 0.5
[    1.750957] pciehp: PCI Express Hot Plug Controller Driver version: 0.4
[    1.756894] ACPI: AC Adapter [AC] (off-line)
[    1.760978] input: Power Button as /devices/LNXSYSTM:00/LNXPWRBN:00/input/input0
[    1.767892] ACPI: Power Button [PWRF]
[    1.771773] input: Sleep Button as /devices/LNXSYSTM:00/LNXSLPBN:00/input/input1
[    1.778750] ACPI: Sleep Button [SLPF]
[    1.783381] ACPI: Battery Slot [BAT0] (battery present)
[    1.788205] GHES: HEST is not enabled!
[    1.791620] Serial: 8250/16550 driver, 32 ports, IRQ sharing enabled
TUVWXYZ[\]^_`abcéèêëíìîïñóòôöõúù∫ªºΩæø¿¡¬√ƒ≈∆«»…ÓÔÒÚÛÙıˆ˜¯˘˙˚¸˝˛ˇ[    1.817868] 00:02: ttyS0 at I/O 0x3f8 (irq = 4, base_baud = 115200) is a 16550A
[    1.825998] Linux agpgart interface v0.103
[    1.831807] loop: module loaded
[    1.835820] scsi host0: ata_piix
[    1.839166] scsi host1: ata_piix
[    1.842228] ata1: PATA max UDMA/33 cmd 0x1f0 ctl 0x3f6 bmdma 0xd000 irq 14
[    1.848322] ata2: PATA max UDMA/33 cmd 0x170 ctl 0x376 bmdma 0xd008 irq 15
[    1.854444] libphy: Fixed MDIO Bus: probed
[    1.858063] tun: Universal TUN/TAP device driver, 1.6
[    1.862498] tun: (C) 1999-2004 Max Krasnyansky <maxk@qualcomm.com>
[    1.867968] PPP generic driver version 2.4.2
[    1.871673] ehci_hcd: USB 2.0 'Enhanced' Host Controller (EHCI) Driver
[    1.877347] ehci-pci: EHCI PCI platform driver
[    1.881435] ehci-platform: EHCI generic platform driver
[    1.886020] ohci_hcd: USB 1.1 'Open' Host Controller (OHCI) Driver
[    1.891622] ohci-pci: OHCI PCI platform driver
[    1.895697] ohci-platform: OHCI generic platform driver
[    1.900505] uhci_hcd: USB Universal Host Controller Interface driver
[    1.906121] i8042: PNP: PS/2 Controller [PNP0303:PS2K,PNP0f03:PS2M] at 0x60,0x64 irq 1,12
[    1.913879] serio: i8042 KBD port at 0x60,0x64 irq 1
[    1.918236] serio: i8042 AUX port at 0x60,0x64 irq 12
[    1.922818] mousedev: PS/2 mouse device common for all mice
[    1.928100] rtc_cmos rtc_cmos: rtc core: registered rtc_cmos as rtc0
[    1.933473] rtc_cmos rtc_cmos: alarms up to one day, 114 bytes nvram
[    1.938998] i2c /dev entries driver
[    1.942323] input: AT Translated Set 2 keyboard as /devices/platform/i8042/serio0/input/input2
[    1.950563] device-mapper: uevent: version 1.0.3
[    1.954884] device-mapper: ioctl: 4.34.0-ioctl (2015-10-28) initialised: dm-devel@redhat.com
[    1.962606] ledtrig-cpu: registered to indicate activity on CPUs
[    1.968356] NET: Registered protocol family 10
[    1.972709] NET: Registered protocol family 17
[    1.976733] Key type dns_resolver registered
[    1.980762] registered taskstats version 1
[    1.984588] Loading compiled-in X.509 certificates
[    1.989358] Loaded X.509 cert 'Build time autogenerated kernel key: c2b7431ed9258328a3a0cf301f850647788d8e61'
[    1.997943] zswap: loaded using pool lzo/zbud
[    2.003488] Key type trusted registered
[    2.010063] Key type encrypted registered
[    2.013860] AppArmor: AppArmor sha1 policy hashing enabled
[    2.018676] ima: No TPM chip found, activating TPM-bypass!
[    2.023446] ima: Allocated hash algorithm: sha1
[    2.027366] evm: HMAC attrs: 0x1
[    2.030571]   Magic number: 0:293:141
[    2.033921] rtc_cmos rtc_cmos: setting system clock to 2020-04-03 19:07:07 UTC (1585940827)
[    2.041408] BIOS EDD facility v0.16 2004-Jun-25, 0 devices found
[    2.046679] EDD information not available.
[    2.051297] Freeing unused kernel memory: 1488K
[    2.064760] Write protecting the kernel read-only data: 14336k
[    2.074389] Freeing unused kernel memory: 1604K
[    2.079647] Freeing unused kernel memory: 64K
Loading, please wait...
starting version 229
[    2.096628] random: systemd-udevd: uninitialized urandom read (16 bytes read, 5 bits of entropy available)
[    2.097407] random: udevadm: uninitialized urandom read (16 bytes read, 5 bits of entropy available)
[    2.097449] random: udevadm: uninitialized urandom read (16 bytes read, 5 bits of entropy available)
[    2.106214] random: udevadm: uninitialized urandom read (16 bytes read, 5 bits of entropy available)
[    2.106250] random: udevadm: uninitialized urandom read (16 bytes read, 5 bits of entropy available)
[    2.106356] random: udevadm: uninitialized urandom read (16 bytes read, 5 bits of entropy available)
[    2.106395] random: udevadm: uninitialized urandom read (16 bytes read, 5 bits of entropy available)
[    2.106434] random: udevadm: uninitialized urandom read (16 bytes read, 5 bits of entropy available)
[    2.106471] random: udevadm: uninitialized urandom read (16 bytes read, 5 bits of entropy available)
[    2.106507] random: udevadm: uninitialized urandom read (16 bytes read, 5 bits of entropy available)
[    2.205107] e1000: Intel(R) PRO/1000 Network Driver - version 7.3.21-k8-NAPI
[    2.211603] e1000: Copyright (c) 1999-2006 Intel Corporation.
[    2.211639] Fusion MPT base driver 3.04.20
[    2.211640] Copyright (c) 1999-2008 LSI Corporation
[    2.230696] Fusion MPT SPI Host driver 3.04.20
[    2.240684] AVX2 version of gcm_enc/dec engaged.
[    2.244730] AES CTR mode by8 optimization enabled
[    2.453037] input: ImExPS/2 Generic Explorer Mouse as /devices/platform/i8042/serio1/input/input4
[    2.670231] e1000 0000:00:03.0 eth0: (PCI:33MHz:32-bit) 02:85:ff:9d:c0:81
[    2.678379] e1000 0000:00:03.0 eth0: Intel(R) PRO/1000 Network Connection
[    2.687311] e1000 0000:00:03.0 enp0s3: renamed from eth0
[    2.687313] mptbase: ioc0: Initiating bringup
[    2.748280] ioc0: LSI53C1030 A0: Capabilities={Initiator}
[    2.915927] scsi host2: ioc0: LSI53C1030 A0, FwRev=00000000h, Ports=1, MaxQ=256, IRQ=20
[    3.037828] scsi 2:0:0:0: Direct-Access     VBOX     HARDDISK         1.0  PQ: 0 ANSI: 5
[    3.048661] scsi target2:0:0: Beginning Domain Validation
[    3.057582] scsi target2:0:0: Domain Validation skipping write tests
[    3.064729] scsi target2:0:0: Ending Domain Validation
[    3.070599] scsi target2:0:0: asynchronous
[    3.076242] scsi 2:0:1:0: Direct-Access     VBOX     HARDDISK         1.0  PQ: 0 ANSI: 5
[    3.084870] scsi target2:0:1: Beginning Domain Validation
[    3.101597] scsi target2:0:1: Domain Validation skipping write tests
[    3.108209] scsi target2:0:1: Ending Domain Validation
[    3.113340] scsi target2:0:1: asynchronous
[    3.123846] sd 2:0:0:0: Attached scsi generic sg0 type 0
[    3.124205] sd 2:0:0:0: [sda] 20971520 512-byte logical blocks: (10.7 GB/10.0 GiB)
[    3.124334] sd 2:0:0:0: [sda] Write Protect is off
[    3.124424] sd 2:0:0:0: [sda] Incomplete mode parameter data
[    3.124425] sd 2:0:0:0: [sda] Assuming drive cache: write through
[    3.130713]  sda: sda1
[    3.131773] sd 2:0:0:0: [sda] Attached SCSI disk
[    3.156985] sd 2:0:1:0: Attached scsi generic sg1 type 0
[    3.157092] sd 2:0:1:0: [sdb] 20480 512-byte logical blocks: (10.5 MB/10.0 MiB)
[    3.157285] sd 2:0:1:0: [sdb] Write Protect is off
[    3.157447] sd 2:0:1:0: [sdb] Incomplete mode parameter data
[    3.157448] sd 2:0:1:0: [sdb] Assuming drive cache: write through
[    3.159825] sd 2:0:1:0: [sdb] Attached SCSI disk
Begin: Loading essential drivers ... [    4.439682] md: linear personality registered for level -1
[    4.446994] md: multipath personality registered for level -4
[    4.455102] md: raid0 personality registered for level 0
[    4.464258] md: raid1 personality registered for level 1
[    4.540390] raid6: sse2x1   gen() 13574 MB/s
[    4.612239] raid6: sse2x1   xor() 10015 MB/s
[    4.680204] raid6: sse2x2   gen() 16773 MB/s
[    4.748123] raid6: sse2x2   xor() 11165 MB/s
[    4.816054] raid6: sse2x4   gen() 18992 MB/s
[    4.888286] raid6: sse2x4   xor() 12670 MB/s
[    4.960308] raid6: avx2x1   gen() 27036 MB/s
[    5.032612] raid6: avx2x2   gen() 30823 MB/s
[    5.104077] raid6: avx2x4   gen() 34247 MB/s
[    5.108035] raid6: using algorithm avx2x4 gen() 34247 MB/s
[    5.112928] raid6: using avx2x2 recovery algorithm
[    5.118115] xor: automatically using best checksumming function:
[    5.160982]    avx       : 32221.000 MB/sec
[    5.165828] async_tx: api initialized (async)
[    5.177113] md: raid6 personality registered for level 6
[    5.181979] md: raid5 personality registered for level 5
[    5.186481] md: raid4 personality registered for level 4
[    5.196656] md: raid10 personality registered for level 10
done.
Begin: Running /scripts/init-premount ... done.
Begin: Mounting root file system ... Begin: Running /scripts/local-top ... done.
Begin: Running /scripts/local-premount ... [    5.224940] Btrfs loaded
Scanning for Btrfs filesystems
done.
Warning: fsck not present, so skipping root file system
[    5.255750] EXT4-fs (sda1): mounted filesystem with ordered data mode. Opts: (null)
done.
Begin: Running /scripts/local-bottom ... done.
Begin: Running /scripts/init-bottom ... done.
[    5.356776] systemd[1]: systemd 229 running in system mode. (+PAM +AUDIT +SELINUX +IMA +APPARMOR +SMACK +SYSVINIT +UTMP +LIBCRYPTSETUP +GCRYPT +GNUTLS +ACL +XZ -LZ4 +SECCOMP +BLKID +ELFUTILS +KMOD -IDN)
[    5.372779] systemd[1]: Detected virtualization oracle.
[    5.377325] systemd[1]: Detected architecture x86-64.

Welcome to [1mUbuntu 16.04.6 LTS[0m!

[    5.393137] systemd[1]: Set hostname to <ubuntu>.
[    5.400560] systemd[1]: Initializing machine ID from random generator.
[    5.406127] systemd[1]: Installed transient /etc/machine-id file.
[    5.538210] systemd[1]: Started Forward Password Requests to Wall Directory Watch.
[[0;32m  OK  [0m] Started Forward Password Requests to Wall Directory Watch.
[    5.552949] systemd[1]: Listening on udev Kernel Socket.
[[0;32m  OK  [0m] Listening on udev Kernel Socket.
[    5.564865] systemd[1]: Reached target Swap.
[[0;32m  OK  [0m] Reached target Swap.
[    5.580692] systemd[1]: Listening on LVM2 metadata daemon socket.
[[0;32m  OK  [0m] Listening on LVM2 metadata daemon socket.
[    5.596477] systemd[1]: Listening on /dev/initctl Compatibility Named Pipe.
[[0;32m  OK  [0m] Listening on /dev/initctl Compatibility Named Pipe.
[    5.612769] systemd[1]: Listening on Syslog Socket.
[[0;32m  OK  [0m] Listening on Syslog Socket.
[    5.628495] systemd[1]: Reached target System Time Synchronized.
[[0;32m  OK  [0m] Reached target System Time Synchronized.
[    5.644810] systemd[1]: Reached target Encrypted Volumes.
[[0;32m  OK  [0m] Reached target Encrypted Volumes.
[    5.660771] systemd[1]: Listening on LVM2 poll daemon socket.
[[0;32m  OK  [0m] Listening on LVM2 poll daemon socket.
[    5.676676] systemd[1]: Listening on Journal Socket (/dev/log).
[[0;32m  OK  [0m] Listening on Journal Socket (/dev/log).
[    5.692613] systemd[1]: Listening on Journal Socket.
[[0;32m  OK  [0m] Listening on Journal Socket.
[    5.704921] systemd[1]: Listening on Journal Audit Socket.
[[0;32m  OK  [0m] Listening on Journal Audit Socket.
[    5.720775] systemd[1]: Listening on Device-mapper event daemon FIFOs.
[[0;32m  OK  [0m] Listening on Device-mapper event daemon FIFOs.
[    5.736857] systemd[1]: Listening on udev Control Socket.
[[0;32m  OK  [0m] Listening on udev Control Socket.
[    5.753182] systemd[1]: Created slice User and Session Slice.
[[0;32m  OK  [0m] Created slice User and Session Slice.
[    5.769183] systemd[1]: Set up automount Arbitrary Executable File Formats File System Automount Point.
[[0;32m  OK  [0m] Set up automount Arbitrary Executab...ats File System Automount Point.
[    5.788504] systemd[1]: Started Trigger resolvconf update for networkd DNS.
[[0;32m  OK  [0m] Started Trigger resolvconf update for networkd DNS.
[    5.804841] systemd[1]: Created slice System Slice.
[[0;32m  OK  [0m] Created slice System Slice.
[    5.828386] systemd[1]: Starting Set console keymap...
         Starting Set console keymap...
[    5.843139] systemd[1]: Starting Monitoring of LVM2 mirrors, snapshots etc. using dmeventd or progress polling...
         Starting Monitoring of LVM2 mirrors... dmeventd or progress polling...
[    5.880360] systemd[1]: Mounting Huge Pages File System...
         Mounting Huge Pages File System...
[    5.897410] systemd[1]: Starting Create list of required static device nodes for the current kernel...
         Starting Create list of required st... nodes for the current kernel...
[    5.919024] systemd[1]: Starting Uncomplicated firewall...
         Starting Uncomplicated firewall...
[    5.933421] systemd[1]: Starting Journal Service...
         Starting Journal Service...
[    5.946319] systemd[1]: Starting Nameserver information manager...
         Starting Nameserver information manager...
[    5.961371] systemd[1]: Mounting POSIX Message Queue File System...
         Mounting POSIX Message Queue File System...
[    5.977330] systemd[1]: Created slice system-serial\x2dgetty.slice.
[[0;32m  OK  [0m] Created slice system-serial\x2dgetty.slice.
[    5.992684] systemd[1]: Reached target Slices.
[[0;32m  OK  [0m] Reached target Slices.
[    6.016242] systemd[1]: Starting Remount Root and Kernel File Systems...
[    6.020509] EXT4-fs (sda1): re-mounted. Opts: (null)
         Starting Remount Root and Kernel File Systems...
[    6.041061] systemd[1]: Starting Load Kernel Modules...
         Starting Load Kernel Modules...
[    6.051353] Loading iSCSI transport class v2.0-870.
[    6.056497] systemd[1]: Reached target User and Group Name Lookups.
[[0;32m  OK  [0m] Reached target User and Group Name Lookups.
[    6.069207] iscsi: registered transport (tcp)
[    6.084228] systemd[1]: Mounting Debug File System...
         Mounting Debug File System...
[    6.093038] systemd[1]: Mounted Huge Pages File System.
[[0;32m  OK  [0m] Mounted Huge Pages File System.
[    6.100270] systemd[1]: Mounted Debug File System.
[[0;32m  OK  [0m] Mounted Debug File System.
[    6.110570] iscsi: registered transport (iser)
[    6.114944] systemd[1]: Mounted POSIX Message Queue File System.
[[0;32m  OK  [0m] Mounted POSIX Message Queue File System.
[    6.121753] systemd[1]: Started Journal Service.
[[0;32m  OK  [0m] Started Journal Service.
[[0;32m  OK  [0m] Started Set console keymap.
[[0;32m  OK  [0m] Started Create list of required sta...ce nodes for the current kernel.
[[0;32m  OK  [0m] Started Uncomplicated firewall.
[[0;32m  OK  [0m] Started Remount Root and Kernel File Systems.
[    6.172180] random: nonblocking pool is initialized
[[0;32m  OK  [0m] Started Load Kernel Modules.
[[0;32m  OK  [0m] Started Nameserver information manager.
[[0;32m  OK  [0m] Started LVM2 metadata daemon.
         Mounting FUSE Control File System...
         Starting Apply Kernel Variables...
         Starting udev Coldplug all Devices...
         Starting Load/Save Random Seed...
         Starting Create Static Device Nodes in /dev...
         Starting Flush Journal to Persistent Storage...
[[0;32m  OK  [0m] Mounted FUSE Control File System.
[[0;32m  OK  [0m] Started Apply Kernel Variables.
[[0;32m  OK  [0m] Started Load/Save Random Seed.
[[0;32m  OK  [0m] Started Create Static Device Nodes in /dev.
         Starting udev Kernel Device Manager...
[[0;32m  OK  [0m] Started udev Coldplug all Devices.
[[0;32m  OK  [0m] Started Flush Journal to Persistent Storage.
[[0;32m  OK  [0m] Started udev Kernel Device Manager.
[[0;32m  OK  [0m] Started Dispatch Password Requests to Console Directory Watch.
[[0;32m  OK  [0m] Found device /dev/ttyS0.
[[0;32m  OK  [0m] Listening on Load/Save RF Kill Switch Status /dev/rfkill Watch.
[[0;32m  OK  [0m] Started Monitoring of LVM2 mirrors,...ng dmeventd or progress polling.
[[0;32m  OK  [0m] Reached target Local File Systems (Pre).
[[0;32m  OK  [0m] Reached target Local File Systems.
         Starting LSB: AppArmor initialization...
         Starting Create Volatile Files and Directories...
         Starting Initial cloud-init job (pre-networking)...
         Starting Set console font and keymap...
         Starting Tell Plymouth To Write Out Runtime Data...
         Starting Commit a transient machine-id on disk...
[[0;32m  OK  [0m] Started Create Volatile Files and Directories.
[[0;32m  OK  [0m] Started Tell Plymouth To Write Out Runtime Data.
         Starting Update UTMP about System Boot/Shutdown...
[[0;32m  OK  [0m] Started Update UTMP about System Boot/Shutdown.
[[0;32m  OK  [0m] Started Commit a transient machine-id on disk.
[[0;32m  OK  [0m] Started Set console font and keymap.
[[0;32m  OK  [0m] Created slice system-getty.slice.
[    7.200771] cloud-init[619]: Cloud-init v. 19.4-33-gbb4131a2-0ubuntu1~16.04.1 running 'init-local' at Fri, 03 Apr 2020 19:07:12 +0000. Up 6.86 seconds.
[[0;32m  OK  [0m] Started LSB: AppArmor initialization.
[[0;32m  OK  [0m] Started Initial cloud-init job (pre-networking).
[[0;32m  OK  [0m] Reached target Network (Pre).
         Starting Raise network interfaces...
[[0;32m  OK  [0m] Started Raise network interfaces.
         Starting Initial cloud-init job (metadata service crawler)...
[[0;32m  OK  [0m] Reached target Network.
[    8.038268] cloud-init[953]: Cloud-init v. 19.4-33-gbb4131a2-0ubuntu1~16.04.1 running 'init' at Fri, 03 Apr 2020 19:07:13 +0000. Up 7.67 seconds.
[    8.044638] cloud-init[953]: ci-info: ++++++++++++++++++++++++++++++++++++++Net device info++++++++++++++++++++++++++++++++++++++
[    8.052593] cloud-init[953]: ci-info: +--------+------+----------------------------+---------------+--------+-------------------+
[    8.060825] cloud-init[953]: ci-info: | Device |  Up  |          Address           |      Mask     | Scope  |     Hw-Address    |
[    8.069014] cloud-init[953]: ci-info: +--------+------+----------------------------+---------------+--------+-------------------+
[[0;32m  OK  [0m] Started Initial cloud-init job (metadata service crawler).
[[0;32m  OK  [0m] Reached target System Initialization.
[[0;32m  OK  [0m] Listening on UUID daemon activation socket.
[    8.083141] cloud-init[953]: ci-info: | enp0s3 | True |         10.0.2.15          | 255.255.255.0 | global | 02:85:ff:9d:c0:81 |
[    8.189278] cloud-init[953]: ci-info: | enp0s3 | True | fe80::85:ffff:fe9d:c081/64 |       .       |  link  | 02:85:ff:9d:c0:81 |
[    8.197339] cloud-init[953]: ci-info: |   lo   | True |         127.0.0.1          |   255.0.0.0   |  host  |         .         |
[    8.273754] cloud-init[953]: ci-info: |   lo   | True |          ::1/128           |       .       |  host  |         .         |
[[0;32m  OK  [0m] Listening on D-Bus System Message Bus Socket.
[[0;32m  OK  [0m] Started Daily apt download activities.
[[0;32m  OK  [0m] Started Daily apt upgrade and clean activities.
[    8.303603] cloud-init[953]: ci-info: +--------+------+----------------------------+---------------+--------+-------------------+
[    8.341066] cloud-init[953]: ci-info: +++++++++++++++++++++++++++Route IPv4 info++++++++++++++++++++++++++++
[    8.341387] cloud-init[953]: ci-info: +-------+-------------+----------+---------------+-----------+-------+[
[0;32m  OK  [0m] Started Daily Cleanup of Temporary Directories.
[[    8.341440] [0;32m  OK  [0mcloud-init] [953]: Listening on ACPID Listen Socket.ci-info: | Route | Destination | Gateway  |    Genmask    | Interface | Flags |

[    8.356466] cloud-init[953]: ci-info: +-------+-------------+----------+---------------+-----------+-------+
[    8.356726] cloud-init[953]: ci-info: |   0   |   0.0.0.0   | 10.0.2.2 |    0.0.0.0    |   enp0s3  |   UG  |
         Starting LXD - unix socket.
[    8.356831] cloud-init[953]: ci-info: |   1   |   10.0.2.0  | 0.0.0.0  | 255.255.255.0 |   enp0s3  |   U   |
[    8.372732] cloud-init[953]: ci-info: +-------+-------------+----------+---------------+-----------+-------+
[    8.373148] cloud-init[953]: ci-info: +++++++++++++++++++Route IPv6 info+++++++++++++++++++
         Starting Socket activation for snappy daemon.
[[    8.373245] cloud-init[953]: ci-info: +-------+-------------+---------+-----------+-------+
[0;32m  OK  [0m] Started Message of the Day.
[[    8.384862] cloud-init[953]: ci-info: | Route | Destination | Gateway | Interface | Flags |
[0;32m  OK  [0m] Reached target Timers.
[    8.393375] cloud-init[953]: ci-info: +-------+-------------+---------+-----------+-------+
[    8.408784] cloud-init[953]: ci-info: |   0   |  fe80::/64  |    ::   |   enp0s3  |   U   |
[    8.409207] cloud-init[953]: ci-info: |   3   |   ff00::/8  |    ::   |   enp0s3  |   U   |
[[0;32m  OK  [0m] Started ACPI Events Check.
[[    8.409376] cloud-init[953]: ci-info: +-------+-------------+---------+-----------+-------+
[0;32m  OK  [0m] Reached target Paths.
[[    8.420928] [0;32m  OK  [0mcloud-init] [953]: Reached target Network is Online.Generating public/private rsa key pair.

[    8.441396] cloud-init[953]: Your identification has been saved in /etc/ssh/ssh_host_rsa_key.
[    8.441788] cloud-init[953]: Your public key has been saved in /etc/ssh/ssh_host_rsa_key.pub.
         Starting iSCSI initiator daemon (iscsid)...
[[0;32m  OK  [0m] Reached target Cloud-config availability.
[    8.441846] cloud-init[953]: The key fingerprint is:
[    8.456412] cloud-init[953]: SHA256:c0HJyt2qx1JsF/dLAv7HFBP/fXFmDHtk2vLVhrg/XLc root@ubuntu-xenial
[    8.456688] cloud-init[[953]: [0;32m  OK  [0mThe key's randomart image is:] 
Listening on LXD - unix socket.
[[    8.456750] [0;32m  OK  [0mcloud-init] [953]: Listening on Socket activation for snappy daemon.+---[RSA 2048]----+

[    8.466425] cloud-init[953]: |         ...     |
[    8.477072] cloud-init[953]: |         .o   ..o|
[    8.477422] cloud-init[953]: |       . o.. . X+|
[[0;32m  OK  [0m] Reached target Sockets.
[[    8.477527] cloud-init[953]: |        o .o+ *+%|
[0;32m  OK  [0m] Reached target Basic System.
[    8.484977] cloud-init[953]: |        S.o..+ OO|
[    8.494118] cloud-init[953]: |         o=.o. oO|
[    8.494394] cloud-init[953]: |         = ..o=.=|
[[0;32m  OK  [0m] Started D-Bus System Message Bus.
[    8.494473] cloud-init[953]: |        o o  .+E |
[    8.512323] cloud-init[953]: |         o    .. |
[    8.524278] cloud-init[953]: +----[SHA256]-----+
[    8.524558] cloud-init[953]: Generating public/private dsa key pair.
         Starting Virtualbox guest utils...
[    8.524663] cloud-init[953]: Your identification has been saved in /etc/ssh/ssh_host_dsa_key.
[    8.540323] cloud-init[953]: Your public key has been saved in /etc/ssh/ssh_host_dsa_key.pub.
         Starting Accounts Service...
[    8.551403] cloud-init[953]: The key fingerprint is:
[    8.569585] cloud-init[[953]: [0;32m  OK  [0mSHA256:2Em+S0qZc65fyxs0hmGu7K6hJWWqfPjZDC8UE5/gK4E root@ubuntu-xenial] 
Started ACPI event daemon.
[    8.570039] cloud-init[953]: The key's randomart image is:
[    8.580160] cloud-init[953]: +---[DSA 1024]----+
[    8.580526] cloud-init[953]: |                 |
         Starting Login Service...
[    8.580621] cloud-init[953]: |   o             |
[    8.600600] cloud-init[953]: |. . + . +        |
[    8.600803] cloud-init[953]: |E. + o B +       |
         Starting Pollinate to seed the pseudo random number generator...
[    8.600881] cloud-init[953]: |  . * . S +      |
[    8.620656] cloud-init[953]: | . * . + + .     |
[    8.620956] cloud-init[953]: |  *.o B + o      |
[[0;32m  OK  [0m] Started FUSE filesystem for LXC.
[    8.621027] cloud-init[953]: |.o **+ * + o     |
[[0;32m  OK  [0m] Started Deferred execution scheduler.
[    8.646515] cloud-init[953]: |..+oo*=o+ +.     |
[    8.660977] cloud-init[953]: +----[SHA256]-----+
[    8.673420] cloud-init[953]: Generating public/private ecdsa key pair.
[    8.673635]          cloud-initStarting LSB: MD monitoring daemon...[953]: 
Your identification has been saved in /etc/ssh/ssh_host_ecdsa_key.
[    8.673704] cloud-init[953]: Your public key has been saved in /etc/ssh/ssh_host_ecdsa_key.pub.
[    8.697571] cloud-init[953]: The key fingerprint is:
[    8.704247] cloud-init[953]: SHA256:SLNJVK35hlgDtdhGllkKQuEP25EBIGkTdHD28W7HsV4 root@ubuntu-xenial
[    8.704497] cloud-init[953]: The key's randomart image is:
         Starting LSB: Record successful boot for GRUB...
[    8.704556] cloud-init[953]: +---[ECDSA 256]---+
[    8.724854] cloud-init[953]: |o=+*=++o==.      |
[    8.725089] cloud-init[953]: |.++..o+Ooo.      |
         Starting Snappy daemon...
[    8.725146] cloud-init[953]: |. . o.Bo=+       |
[    8.741908] cloud-init[953]: |     B.B* o      |
[    8.742196] cloud-init[953]: |    . *=SB E     |
         Starting System Logging Service...
[    8.742297] cloud-init[953]: |      o + +      |
[    8.756258] cloud-init[953]: |         o       |
[    8.756589] cloud-init[953]: |                 |
         Starting /etc/rc.local Compatibility...
[    8.756659] cloud-init[953]: |                 |
[    8.773626] cloud-init[953]: +----[SHA256]-----+
[    8.781957] cloud-init[953]: Generating public/private ed25519 key pair.
[    8.792339] cloud-init[953]: Your identification has been saved in /etc/ssh/ssh_host_ed25519_key.
[    8.792582] cloud-init[953]: [Your public key has been saved in /etc/ssh/ssh_host_ed25519_key.pub.[0;32m  OK  [0m
] Started Regular background program processing daemon.
[    8.792640] cloud-init[953]: The key fingerprint is:
         [    8.801912] Starting LXD - container startup/shutdown...cloud-init
[953]: SHA256:2cwnmE0WNdCkx8xHw171r7QLSBRugUBZN+aRAm2Dkc8 root@ubuntu-xenial
[    8.813638] cloud-init[953]: The key's randomart image is:
[    8.821226] cloud-init[953]: +--[ED25519 256]--+
[    8.821462] cloud-init[953]: |     .=X..X*+.o o|
[[0;32m  OK  [0m] Started System Logging Service.
[    8.821532] cloud-init[953]: |      + *=.@.o..o|
[    8.836333] cloud-init[953]: |       + oO =....|
[    8.836577] cloud-init[953]: |        E& . .. .|
[[0;32m  OK  [0m] Started iSCSI initiator daemon (iscsid).
[    8.836637] cloud-init[953]: |        S B . . .|
[    8.856539] cloud-init[953]: |         . + . o |
[[0;32m  OK  [0m] Started /etc/rc.local Compatibility.
[    8.856877] cloud-init[953]: |          . . o  |
[    8.876345] cloud-init[953]: |             . . |
[[0;32m  OK  [0m] Started LXD - container startup/shutdown.
[[    8.876829] [0;32m  OK  [0mcloud-init] [953]: Started Snappy daemon.|              .  |

[    8.896652] cloud-init[953]: +----[SHA256]-----+
         Starting Authenticate and Authorize Users to Run Privileged Tasks...
         Starting Wait until snapd is fully seeded...
         Starting Login to default iSCSI targets...
[[0;32m  OK  [0m] Started LSB: MD monitoring daemon.
[[0;32m  OK  [0m] Started LSB: Record successful boot for GRUB.
[[0;32m  OK  [0m] Started Login Service.
[[0;32m  OK  [0m] Started Authenticate and Authorize Users to Run Privileged Tasks.
[[0;32m  OK  [0m] Started Virtualbox guest utils.
[[0;32m  OK  [0m] Started Accounts Service.
[[0;32m  OK  [0m] Started Unattended Upgrades Shutdown.
[[0;32m  OK  [0m] Started Login to default iSCSI targets.
[[0;32m  OK  [0m] Reached target Remote File Systems (Pre).
[[0;32m  OK  [0m] Reached target Remote File Systems.
         Starting Permit User Sessions...
         Starting LSB: automatic crash report generation...
         Starting LSB: daemon to balance interrupts for SMP systems...
         Starting LSB: Set the CPU Frequency Scaling governor to "ondemand"...
[[0;32m  OK  [0m] Started Permit User Sessions.
         Starting Hold until boot process finishes up...
         Starting Terminate Plymouth Boot Screen...
[[0;32m  OK  [0m] Started LSB: daemon to balance interrupts for SMP systems.
[[0;32m  OK  [0m] Started Hold until boot process finishes up.
[[0;32m  OK  [0m] Started Terminate Plymouth Boot Screen.
[[0;32m  OK  [0m] Started Getty on tty1.
         Starting Set console scheme...
[[0;32m  OK  [0m] Started Serial Getty on ttyS0.
[[0;32m  OK  [0m] Reached target Login Prompts.
[[0;32m  OK  [0m] Started LSB: automatic crash report generation.
[[0;32m  OK  [0m] Started LSB: Set the CPU Frequency Scaling governor to "ondemand".
[[0;32m  OK  [0m] Started Set console scheme.
[[0;32m  OK  [0m] Started Pollinate to seed the pseudo random number generator.
         Starting OpenBSD Secure Shell server...
[[0;32m  OK  [0m] Started OpenBSD Secure Shell server.
[[0;32m  OK  [0m] Started Wait until snapd is fully seeded.
         Starting Apply the settings specified in cloud-config...
[[0;32m  OK  [0m] Reached target Multi-User System.
[[0;32m  OK  [0m] Reached target Graphical Interface.
         Starting Update UTMP about System Runlevel Changes...
[[0;32m  OK  [0m] Started Update UTMP about System Runlevel Changes.
[   10.762210] cloud-init[1297]: Generating locales (this might take a while)...
[   11.456100] cloud-init[1297]:   en_US.UTF-8... done
[   11.464719] cloud-init[1297]: Generation complete.
[   11.668589] cloud-init[1297]: Cloud-init v. 19.4-33-gbb4131a2-0ubuntu1~16.04.1 running 'modules:config' at Fri, 03 Apr 2020 19:07:16 +0000. Up 10.69 seconds.
[[0;32m  OK  [0m] Started Apply the settings specified in cloud-config.
         Starting Execute cloud user/final scripts...
ci-info: no authorized SSH keys fingerprints found for user ubuntu.
<14>Apr  3 19:07:18 ec2: 
<14>Apr  3 19:07:18 ec2: #############################################################
<14>Apr  3 19:07:18 ec2: -----BEGIN SSH HOST KEY FINGERPRINTS-----
<14>Apr  3 19:07:18 ec2: 1024 SHA256:2Em+S0qZc65fyxs0hmGu7K6hJWWqfPjZDC8UE5/gK4E root@ubuntu-xenial (DSA)
<14>Apr  3 19:07:18 ec2: 256 SHA256:SLNJVK35hlgDtdhGllkKQuEP25EBIGkTdHD28W7HsV4 root@ubuntu-xenial (ECDSA)
<14>Apr  3 19:07:18 ec2: 256 SHA256:2cwnmE0WNdCkx8xHw171r7QLSBRugUBZN+aRAm2Dkc8 root@ubuntu-xenial (ED25519)
<14>Apr  3 19:07:18 ec2: 2048 SHA256:c0HJyt2qx1JsF/dLAv7HFBP/fXFmDHtk2vLVhrg/XLc root@ubuntu-xenial (RSA)
<14>Apr  3 19:07:18 ec2: -----END SSH HOST KEY FINGERPRINTS-----
<14>Apr  3 19:07:18 ec2: #############################################################
-----BEGIN SSH HOST KEY KEYS-----
ecdsa-sha2-nistp256 AAAAE2VjZHNhLXNoYTItbmlzdHAyNTYAAAAIbmlzdHAyNTYAAABBBCycHfhs2slYyREzuHny9DRTXg+VOeD91s1MizXefHZ/PV2hEEYzUFBPW8q6R0RxcTtHOKVdkaCZ2QCBw1Iu7tM= root@ubuntu-xenial
ssh-ed25519 AAAAC3NzaC1lZDI1NTE5AAAAIIk/FpAxOlDW5fTN11LgD4uYja0e3GACNQJCG/44XJdT root@ubuntu-xenial
ssh-rsa AAAAB3NzaC1yc2EAAAADAQABAAABAQCcPfyizUTJ9uQwpNuu/rVWgyryuC4A0Sxf/akHSM13peX3vkc1pV6WXJgpYEBe4tNriHYqGEGWcHWMHGC3key+n4vEmpDyNeuQykuC9ubODU4SByEAIaoNJ/OvsnrKPEA94zBNCqpAeyyj/atPL+6OMk68DZbPPUEb18MUHkDMcvm5/NOHcUwa32dwdGgkwveRO/u+fJJ3MXR+/ujdqwcgIPvj6JVbShfx87Hnu2CBaPbcpRVBFjKfVqha2Agz1tCn3zGIrMLsLQuPz9VilU2U08InrNv7xz0qHDSv6xn3nVj1M3TaInKBsCXT2apF8B2Cw0V/fiJn/1lxNYUqWWNp root@ubuntu-xenial
-----END SSH HOST KEY KEYS-----
[   12.027804] cloud-init[1338]: Cloud-init v. 19.4-33-gbb4131a2-0ubuntu1~16.04.1 running 'modules:final' at Fri, 03 Apr 2020 19:07:18 +0000. Up 11.91 seconds.
[   12.036460] cloud-init[1338]: ci-info: no authorized SSH keys fingerprints found for user ubuntu.
[   12.044389] cloud-init[1338]: Cloud-init v. 19.4-33-gbb4131a2-0ubuntu1~16.04.1 finished at Fri, 03 Apr 2020 19:07:18 +0000. Datasource DataSourceNoCloud [seed=/dev/sdb][dsmode=net].  Up 12.02 seconds
[[0;32m  OK  [0m] Started Execute cloud user/final scripts.
[[0;32m  OK  [0m] Reached target Cloud-init target.

Ubuntu 16.04.6 LTS ubuntu-xenial ttyS0

ubuntu-xenial login: 